// Jest Snapshot v1, https://goo.gl/fbAQLP

exports[`render ExpenseListItem 1`] = `
<div>
  <Link
    to="/edit/0"
  >
     
    <h3>
      test0
    </h3>
  </Link>
  <p>
    100
     - 
    777600000
  </p>
</div>
`;
