// Jest Snapshot v1, https://goo.gl/fbAQLP

exports[`render LoginPage 1`] = `
<Fragment>
  <button>
    Login
  </button>
</Fragment>
`;
